// Jest Snapshot v1, https://goo.gl/fbAQLP

exports[`RMGButton renders correctly 1`] = `
<DocumentFragment>
  <button
    class="bg-black text-white py-2 px-4 rounded hover:bg-opacity-90 focus:outline-none"
  >
    Click Me
  </button>
</DocumentFragment>
`;
