// Jest Snapshot v1, https://goo.gl/fbAQLP

exports[`RMGImage renders correctly 1`] = `
<DocumentFragment>
  <div
    class="w-60 h-60 flex justify-center items-center bg-gray-200"
  >
    <img
      alt="test image"
      class="mx-auto d-block rounded shadow"
      src="test.jpg"
    />
  </div>
</DocumentFragment>
`;
